Vérification des alertes...
Erreur DB: 
Vérification des alertes...
Erreur DB: 
Vérification des alertes...
Erreur DB: 
Vérification des alertes...
Erreur DB: 
Vérification des alertes...
Erreur DB: 
Vérification des alertes...
Erreur DB: 
Vérification des alertes...
Erreur DB: 
Vérification des alertes...
Erreur DB: 
Vérification des alertes...
Erreur DB: 
Vérification des alertes...
Erreur DB: 
Vérification des alertes...
Erreur DB: 
Vérification des alertes...
Erreur DB: 
Vérification des alertes...
Erreur DB: 
Vérification des alertes...
Erreur DB: 
Vérification des alertes...
Erreur DB: 
Vérification des alertes...
Erreur DB: 
Vérification des alertes...
Erreur DB: 
Vérification des alertes...
Erreur DB: 
Vérification des alertes...
Erreur DB: 
Vérification des alertes...
Erreur DB: 
Vérification des alertes...
Erreur DB: 
Vérification des alertes...
Erreur DB: 
Vérification des alertes...
Erreur DB: 
Vérification des alertes...
Erreur DB: 
Vérification des alertes...
Erreur DB: 
Vérification des alertes...
Erreur DB: 
Vérification des alertes...
Erreur DB: 
Vérification des alertes...
Erreur DB: 
Vérification des alertes...
Erreur DB: 
Vérification des alertes...
Erreur DB: 
Vérification des alertes...
Erreur DB: 
Vérification des alertes...
Erreur DB: 
Vérification des alertes...
Erreur DB: 
Vérification des alertes...
Erreur DB: 
Vérification des alertes...
Erreur DB: 
Vérification des alertes...
Erreur DB: 
Vérification des alertes...
Erreur DB: 
Vérification des alertes...
Erreur DB: 
Vérification des alertes...
Erreur DB: 
Vérification des alertes...
Erreur DB: 
Vérification des alertes...
Erreur DB: 
Vérification des alertes...
Erreur DB: 
Vérification des alertes...
Erreur DB: 
Vérification des alertes...
Erreur DB: 
Vérification des alertes...
Erreur DB: 
Vérification des alertes...
Erreur DB: 
Vérification des alertes...
Erreur DB: 
Vérification des alertes...
Erreur DB: 
Vérification des alertes...
Erreur DB: 
Vérification des alertes...
Erreur DB: 
Vérification des alertes...
Erreur DB: 
Vérification des alertes...
Erreur DB: 
Vérification des alertes...
Erreur DB: 
Vérification des alertes...
Erreur DB: 
Vérification des alertes...
Erreur DB: 
Vérification des alertes...
Erreur DB: 
Vérification des alertes...
Erreur DB: 
Vérification des alertes...
Erreur DB: 
Vérification des alertes...
Erreur DB: 
Vérification des alertes...
Erreur DB: 
Vérification des alertes...
Erreur DB: 
Vérification des alertes...
Erreur DB: 
Vérification des alertes...
Erreur DB: 
Vérification des alertes...
Erreur DB: 
Vérification des alertes...
Erreur DB: 
Vérification des alertes...
Erreur DB: 
Vérification des alertes...
Erreur DB: 
Vérification des alertes...
Erreur DB: 
Vérification des alertes...
Erreur DB: 
Vérification des alertes...
Erreur DB: 
Vérification des alertes...
Erreur DB: 
Vérification des alertes...
Erreur DB: 
Vérification des alertes...
Erreur DB: 
Vérification des alertes...
Erreur DB: 
Vérification des alertes...
Erreur DB: 
Vérification des alertes...
Erreur DB: 
Vérification des alertes...
Erreur DB: 
Vérification des alertes...
Erreur DB: 
Vérification des alertes...
Erreur DB: 
Vérification des alertes...
Erreur DB: 
Vérification des alertes...
Erreur DB: 
Vérification des alertes...
Erreur DB: 
Vérification des alertes...
Erreur DB: 
Vérification des alertes...
Erreur DB: 
Vérification des alertes...
Erreur DB: 
Vérification des alertes...
Erreur DB: 
Vérification des alertes...
Erreur DB: 
Vérification des alertes...
Erreur DB: 
Vérification des alertes...
Erreur DB: 
Vérification des alertes...
Erreur DB: 
Vérification des alertes...
Erreur DB: 
Vérification des alertes...
Erreur DB: 
Vérification des alertes...
Erreur DB: 
Vérification des alertes...
Erreur DB: 
Vérification des alertes...
Erreur DB: 
Vérification des alertes...
Erreur DB: 
Vérification des alertes...
Erreur DB: 
Vérification des alertes...
Erreur DB: 
Vérification des alertes...
Erreur DB: SQLITE_ERROR: no such table: changements_eau
Vérification des alertes...
Erreur DB: SQLITE_ERROR: no such table: changements_eau
Vérification des alertes...
Erreur DB: SQLITE_ERROR: no such table: changements_eau
Vérification des alertes...
Erreur DB: SQLITE_ERROR: no such table: changements_eau
Vérification des alertes...
Erreur DB: SQLITE_ERROR: no such table: changements_eau
Vérification des alertes...
✓ Notification envoyée: Retard changement eau - AQUA 20 (200)
✓ Notification envoyée: Retard changement eau - aqua 02 (200)
Vérification terminée.
Vérification des alertes...
✓ Notification envoyée: Retard changement eau - AQUA 20 (200)
✓ Notification envoyée: Retard changement eau - aqua 02 (200)
Vérification terminée.
Vérification des alertes...
Erreur DB: 
Vérification des alertes...
Erreur DB: 
-bash: 0: command not found
Vérification des alertes...
Erreur DB: 
Vérification des alertes...
✓ Notification envoyée: Changement eau - AQUA 01 (200)
Vérification terminée.
Vérification des alertes...
✓ Notification envoyée: Changement eau - AQUA 01 (200)
Vérification terminée.
